<html>
<body>
<pre>
<h1>礦ision Build Log</h1>
<h2>Tool Versions:</h2>
IDE-Version: μVision V5.23.0.0
Copyright (C) 2017 ARM Ltd and ARM Germany GmbH. All rights reserved.
License Information: Weijia Yan, SSDUT, LIC=PE7GK-Z2XZS-QDDKD-8CZH1-FA8N8-D7DFU
 
Tool Versions:
Toolchain:       MDK-ARM Plus  Version: 5.23
Toolchain Path:  C:\Keil_v5\ARM\ARMCC\Bin
C Compiler:      Armcc.exe V5.06 update 4 (build 422)
Assembler:       Armasm.exe V5.06 update 4 (build 422)
Linker/Locator:  ArmLink.exe V5.06 update 4 (build 422)
Library Manager: ArmAr.exe V5.06 update 4 (build 422)
Hex Converter:   FromElf.exe V5.06 update 4 (build 422)
CPU DLL:         SARMCM3.DLL V5.23
Dialog DLL:      DCM.DLL V1.15.0.0
Target DLL:      STLink\ST-LINKIII-KEIL_SWO.dll V2.0.18.0
Dialog DLL:      TCM.DLL V1.27.0.0
 
<h2>Project:</h2>
C:\Users\YWJ\Desktop\电子设计-题目三-闫巍嘉-20222241285-22年级\WORKS_v0.2\USER\WORKS_YWJ.uvprojx
Project File Date:  04/05/2023

<h2>Output:</h2>
*** Using Compiler 'V5.06 update 4 (build 422)', folder: 'C:\Keil_v5\ARM\ARMCC\Bin'
Rebuild target 'CLOCK'
assembling startup_stm32f40_41xxx.s...
compiling main.c...
main.c(39): warning:  #111-D: statement is unreachable
  				MODE = MODE_RTU();
main.c: 1 warning, 0 errors
compiling delay.c...
compiling lcd_init.c...
compiling stm32f4xx_it.c...
compiling timer.c...
..\HARDWARE\PIC\pic.h(207): warning:  #1-D: last line of file ends without a newline
  #endif
..\HARDWARE\TIMER\TIME_FRESH.h(162): warning:  #167-D: argument of type "char *" is incompatible with parameter of type "const u8 *"
  	LCD_ShowString(18,30,str_output,
HITE,
RAYBLUE,16,0);
..\HARDWARE\TIMER\TIME_FRESH.h(179): warning:  #167-D: argument of type "char *" is incompatible with parameter of type "const u8 *"
  	LCD_ShowString(18,30,str_output_0,
HITE,
RAYBLUE,16,0);
..\HARDWARE\TIMER\timer.c: 3 warnings, 0 errors
compiling sys.c...
compiling led.c...
compiling usart.c...
compiling key.c...
compiling system_stm32f4xx.c...
compiling misc.c...
compiling stm32f4xx_gpio.c...
compiling lcd.c...
compiling stm32f4xx_rcc.c...
compiling stm32f4xx_syscfg.c...
compiling stm32f4xx_usart.c...
compiling stm32f4xx_tim.c...
linking...
Program Size: Code=13842 RO-data=18270 RW-data=132 ZI-data=1836  
FromELF: creating hex file...
"..\OBJ\OLED.axf" - 0 Error(s), 4 Warning(s).

<h2>Collection of Component include folders:</h2>
  .\RTE\_CLOCK
  C:\Keil_v5\ARM\PACK\Keil\STM32F4xx_DFP\2.15.0\Drivers\CMSIS\Device\ST\STM32F4xx\Include

<h2>Collection of Component Files used:</h2>
Build Time Elapsed:  00:00:01
</pre>
</body>
</html>
